// Jest Snapshot v1, https://goo.gl/fbAQLP

exports[`<H5 /> should match snapshot and have correct text & element 1`] = `
.c0 {
  font-size: 0.95rem;
  margin-top: 0.15rem;
  margin-bottom: 0.15rem;
}

<Component
  theme={
    Object {
      "black": "#111111",
      "grey": "#898989",
      "greyDark": "#777777",
      "greyDarker": "#595959",
      "greyDarkest": "#222",
      "greyLight": "#a5a5a5",
      "greyLighter": "#dddddd",
      "greyLightest": "#efefef",
      "main": "#214154",
      "mainDarken": "#08283B",
      "mainLighten": "#3B5B6E",
      "white": "#f6f6f6",
    }
  }
>
  <styled.h6
    theme={
      Object {
        "black": "#111111",
        "grey": "#898989",
        "greyDark": "#777777",
        "greyDarker": "#595959",
        "greyDarkest": "#222",
        "greyLight": "#a5a5a5",
        "greyLighter": "#dddddd",
        "greyLightest": "#efefef",
        "main": "#214154",
        "mainDarken": "#08283B",
        "mainLighten": "#3B5B6E",
        "white": "#f6f6f6",
      }
    }
  >
    <h6
      className="c0"
    >
      Heading 6
    </h6>
  </styled.h6>
</Component>
`;
