// Jest Snapshot v1, https://goo.gl/fbAQLP

exports[`<Label /> should match snapshot and have correct element, text, height & font-size based on small prop 1`] = `
.c0 {
  font-size: 1rem;
  line-height: 2rem;
}

<Component
  theme={
    Object {
      "black": "#111111",
      "grey": "#898989",
      "greyDark": "#777777",
      "greyDarker": "#595959",
      "greyDarkest": "#222",
      "greyLight": "#a5a5a5",
      "greyLighter": "#dddddd",
      "greyLightest": "#efefef",
      "main": "#214154",
      "mainDarken": "#08283B",
      "mainLighten": "#3B5B6E",
      "white": "#f6f6f6",
    }
  }
>
  <styled.label
    theme={
      Object {
        "black": "#111111",
        "grey": "#898989",
        "greyDark": "#777777",
        "greyDarker": "#595959",
        "greyDarkest": "#222",
        "greyLight": "#a5a5a5",
        "greyLighter": "#dddddd",
        "greyLightest": "#efefef",
        "main": "#214154",
        "mainDarken": "#08283B",
        "mainLighten": "#3B5B6E",
        "white": "#f6f6f6",
      }
    }
  >
    <label
      className="c0"
    >
      Label 1
    </label>
  </styled.label>
</Component>
`;
