// Jest Snapshot v1, https://goo.gl/fbAQLP

exports[`<Nag /> should match snapshot and have correct elements and children 1`] = `
.c0 {
  background-color: #ffffff;
  border-radius: 4px;
  box-shadow: 0 0 2px rgba(0,0,0,0.25);
  padding: 10px;
  position: relative;
  -webkit-user-select: none;
  -moz-user-select: none;
  -ms-user-select: none;
  user-select: none;
  will-change: transform;
  border-bottom: 3px solid undefined;
}

.c1 {
  font-size: 1.2rem;
  margin: 0;
}

.c2 {
  font-size: 0.85rem;
  margin-bottom: 0;
  margin-top: 5px;
}

.c3 {
  font-size: 0.75rem;
  margin-bottom: 0;
  margin-top: 5px;
}

.c4 {
  border-top: 3px solid #6e8ea1;
  border-radius: 0 0 3px 3px;
  bottom: -3px;
  left: 0;
  position: absolute;
  -webkit-transition: width 1s;
  transition: width 1s;
  will-change: width;
}

.c5 {
  position: absolute;
  right: -45px;
  top: 50%;
  will-change: transform;
}

.c6 {
  border: 1px solid props => props.theme.mainDarken;
  cursor: pointer;
  display: inline-block;
  padding: 0;
  box-sizing: border-box;
  font-size: 0.85rem;
  line-height: 2rem;
  text-decoration: none;
  text-transform: uppercase;
  -webkit-transition-duration: 0.5s;
  transition-duration: 0.5s;
  -webkit-transition-property: background-color;
  transition-property: background-color;
  border-radius: 50%;
  height: 2rem;
  text-align: center;
  width: 2rem;
}

.c6 i {
  position: relative;
  top: 2px;
}

.c7 {
  font-family: icons;
  font-size: 1rem;
  font-style: normal;
  font-variant: normal;
  font-weight: normal;
  line-height: 1;
  speak: none;
  text-transform: none;
  -webkit-font-smoothing: antialiased;
  -moz-osx-font-smoothing: grayscale;
}

.c7:before {
  content: "\\e906";
}

.c9 {
  font-family: icons;
  font-size: 1rem;
  font-style: normal;
  font-variant: normal;
  font-weight: normal;
  line-height: 1;
  speak: none;
  text-transform: none;
  -webkit-font-smoothing: antialiased;
  -moz-osx-font-smoothing: grayscale;
}

.c9:before {
  content: "\\e9ac";
}

.c11 {
  font-family: icons;
  font-size: 1rem;
  font-style: normal;
  font-variant: normal;
  font-weight: normal;
  line-height: 1;
  speak: none;
  text-transform: none;
  -webkit-font-smoothing: antialiased;
  -moz-osx-font-smoothing: grayscale;
}

.c11:before {
  content: "\\ea1d";
}

.c8 {
  position: absolute;
  right: -85px;
  top: 50%;
  will-change: transform;
}

.c10 {
  position: absolute;
  right: -125px;
  top: 50%;
  will-change: transform;
}

<Nag
  nag={
    Object {
      "createdAt": 1234567890,
      "firstNag": 1234567890,
      "id": 1,
      "nextNag": 1234567890,
      "repeats": "1 min",
      "status": "LIVE",
      "title": "Test Nag 1",
    }
  }
  nagDelete={[Function]}
  nagEdit={[Function]}
  nagPause={[Function]}
  nagResume={[Function]}
  nagStatusUpdate={[Function]}
>
  <StaggeredMotion
    defaultStyles={
      Array [
        Object {
          "t": 0,
        },
        Object {
          "t": 0,
        },
        Object {
          "t": 0,
        },
        Object {
          "t": 0,
        },
      ]
    }
    styles={[Function]}
  >
    <div
      onClick={[Function]}
    >
      <div
        key="0"
      >
        <styled.div
          completed={false}
          paused={false}
          style={
            Object {
              "WebkitTransform": "translateX(0px)",
              "transform": "translateX(0px)",
            }
          }
        >
          <div
            className="c0"
            style={
              Object {
                "WebkitTransform": "translateX(0px)",
                "transform": "translateX(0px)",
              }
            }
          >
            <styled.h3>
              <h3
                className="c1"
              >
                Test Nag 1
              </h3>
            </styled.h3>
            <div>
              <styled.p>
                <p
                  className="c2"
                >
                  in 
                  48 years
                </p>
              </styled.p>
              <styled.p>
                <p
                  className="c3"
                >
                  <span>
                    and repeat every 
                    1 minute
                  </span>
                </p>
              </styled.p>
            </div>
            <styled.div
              style={
                Object {
                  "width": "2526655556.85%",
                }
              }
            >
              <div
                className="c4"
                style={
                  Object {
                    "width": "2526655556.85%",
                  }
                }
              />
            </styled.div>
          </div>
        </styled.div>
      </div>
      <div
        key="1"
      >
        <styled.div
          style={
            Object {
              "WebkitTransform": "translate(0px, -50%)",
              "transform": "translate(0px, -50%)",
            }
          }
        >
          <div
            className="c5"
            style={
              Object {
                "WebkitTransform": "translate(0px, -50%)",
                "transform": "translate(0px, -50%)",
              }
            }
          >
            <Component
              circle={true}
              onClick={[Function]}
              title="Edit"
            >
              <styled.button
                circle={true}
                onClick={[Function]}
                title="Edit"
              >
                <button
                  className="c6"
                  onClick={[Function]}
                  title="Edit"
                >
                  <Component
                    edit={true}
                  >
                    <styled.i
                      edit={true}
                    >
                      <i
                        className="c7"
                      />
                    </styled.i>
                  </Component>
                </button>
              </styled.button>
            </Component>
          </div>
        </styled.div>
      </div>
      <div
        key="2"
      >
        <styled.div
          style={
            Object {
              "WebkitTransform": "translate(0px, -50%)",
              "transform": "translate(0px, -50%)",
            }
          }
        >
          <div
            className="c8"
            style={
              Object {
                "WebkitTransform": "translate(0px, -50%)",
                "transform": "translate(0px, -50%)",
              }
            }
          >
            <Component
              circle={true}
              onClick={[Function]}
              title="Delete"
            >
              <styled.button
                circle={true}
                onClick={[Function]}
                title="Delete"
              >
                <button
                  className="c6"
                  onClick={[Function]}
                  title="Delete"
                >
                  <Component
                    delete={true}
                  >
                    <styled.i
                      delete={true}
                    >
                      <i
                        className="c9"
                      />
                    </styled.i>
                  </Component>
                </button>
              </styled.button>
            </Component>
          </div>
        </styled.div>
      </div>
      <div
        key="3"
      >
        <styled.div
          style={
            Object {
              "WebkitTransform": "translate(0px, -50%)",
              "transform": "translate(0px, -50%)",
            }
          }
        >
          <div
            className="c10"
            style={
              Object {
                "WebkitTransform": "translate(0px, -50%)",
                "transform": "translate(0px, -50%)",
              }
            }
          >
            <Component
              circle={true}
              onClick={[Function]}
              title="Pause"
            >
              <styled.button
                circle={true}
                onClick={[Function]}
                title="Pause"
              >
                <button
                  className="c6"
                  onClick={[Function]}
                  title="Pause"
                >
                  <Component
                    pause={true}
                  >
                    <styled.i
                      pause={true}
                    >
                      <i
                        className="c11"
                      />
                    </styled.i>
                  </Component>
                </button>
              </styled.button>
            </Component>
          </div>
        </styled.div>
      </div>
    </div>
  </StaggeredMotion>
</Nag>
`;
