// Jest Snapshot v1, https://goo.gl/fbAQLP

exports[`<Search /> should match snapshot 1`] = `
.c0 {
  position: relative;
}

.c0 input {
  padding-left: 20px;
}

.c0:before {
  content: '\\e986';
  font-family: icons;
  font-size: 0.5rem;
  left: 7px;
  position: absolute;
  top: 7px;
}

.c1 {
  display: -webkit-box;
  display: -webkit-flex;
  display: -ms-flexbox;
  display: flex;
  -webkit-flex-direction: column;
  -ms-flex-direction: column;
  flex-direction: column;
}

.c2 {
  border: 1px solid #dddddd;
  border-radius: 5px;
  box-sizing: border-box;
  font-size: .85rem;
  height: 1.5rem;
  padding: 0 0.35rem;
  width: 100%;
}

<div
  className="c0"
>
  <div
    className="c1"
    placeholder="Search"
    type="search"
  >
    <input
      className="c2"
      id={undefined}
      placeholder="Search"
      type="search"
    />
  </div>
</div>
`;
